[     176ms] [INFO] %cDownload the React DevTools for a better development experience: https://react.dev/link/react-devtools font-weight:bold @ http://localhost:3001/_next/static/chunks/00r__next_dist_060crp8._.js:2489
[     192ms] [LOG] [HMR] connected @ http://localhost:3001/_next/static/chunks/00r__next_dist_060crp8._.js:2489
[    1254ms] [WARNING] THREE.Clock: This module has been deprecated. Please use THREE.Timer instead. @ http://localhost:3001/_next/static/chunks/00r__next_dist_060crp8._.js:2489
[    1288ms] [WARNING] THREE.Clock: This module has been deprecated. Please use THREE.Timer instead. @ http://localhost:3001/_next/static/chunks/00r__next_dist_060crp8._.js:2489
[   93415ms] [LOG] [Fast Refresh] rebuilding @ http://localhost:3001/_next/static/chunks/00r__next_dist_060crp8._.js:2489
[   93435ms] [LOG] [Fast Refresh] done in 71ms @ http://localhost:3001/_next/static/chunks/00r__next_dist_060crp8._.js:2489
[   93758ms] ReferenceError: ChromeStudio is not defined
    at ChromeCanvas (http://localhost:3001/_next/static/chunks/src_components_chrome_09xci7i._.js?id=%255Bproject%255D%252Fsrc%252Fcomponents%252Fchrome%252FChromeCanvas.tsx+%255Bapp-client%255D+%2528ecmascript%2529:246:386)
    at Object.react_stack_bottom_frame (http://localhost:3001/_next/static/chunks/00r__next_dist_compiled_react-dom_0wg5f1j._.js:15037:24)
    at renderWithHooks (http://localhost:3001/_next/static/chunks/00r__next_dist_compiled_react-dom_0wg5f1j._.js:4620:24)
    at updateFunctionComponent (http://localhost:3001/_next/static/chunks/00r__next_dist_compiled_react-dom_0wg5f1j._.js:6081:21)
    at beginWork (http://localhost:3001/_next/static/chunks/00r__next_dist_compiled_react-dom_0wg5f1j._.js:6691:24)
    at runWithFiberInDEV (http://localhost:3001/_next/static/chunks/00r__next_dist_compiled_react-dom_0wg5f1j._.js:965:74)
    at performUnitOfWork (http://localhost:3001/_next/static/chunks/00r__next_dist_compiled_react-dom_0wg5f1j._.js:9555:97)
    at workLoopSync (http://localhost:3001/_next/static/chunks/00r__next_dist_compiled_react-dom_0wg5f1j._.js:9449:40)
    at renderRootSync (http://localhost:3001/_next/static/chunks/00r__next_dist_compiled_react-dom_0wg5f1j._.js:9433:13)
    at performWorkOnRoot (http://localhost:3001/_next/static/chunks/00r__next_dist_compiled_react-dom_0wg5f1j._.js:9098:47)
    at performWorkOnRootViaSchedulerTask (http://localhost:3001/_next/static/chunks/00r__next_dist_compiled_react-dom_0wg5f1j._.js:10255:9)
    at MessagePort.performWorkUntilDeadline (http://localhost:3001/_next/static/chunks/00r__next_dist_compiled_0zi4hmx._.js:2647:64)
[   94271ms] [LOG] THREE.WebGLRenderer: Context Lost. @ http://localhost:3001/_next/static/chunks/00r__next_dist_060crp8._.js:2489
[   94275ms] [LOG] THREE.WebGLRenderer: Context Lost. @ http://localhost:3001/_next/static/chunks/00r__next_dist_060crp8._.js:2489
[  101676ms] [LOG] [Fast Refresh] rebuilding @ http://localhost:3001/_next/static/chunks/00r__next_dist_060crp8._.js:2489
[  101678ms] [WARNING] [Fast Refresh] performing full reload because your application had an unrecoverable error @ http://localhost:3001/_next/static/chunks/00r__next_dist_060crp8._.js:2489
[  101823ms] [WARNING] THREE.Clock: This module has been deprecated. Please use THREE.Timer instead. @ http://localhost:3001/_next/static/chunks/00r__next_dist_060crp8._.js:2489
[  101857ms] [WARNING] THREE.Clock: This module has been deprecated. Please use THREE.Timer instead. @ http://localhost:3001/_next/static/chunks/00r__next_dist_060crp8._.js:2489
[  101968ms] [LOG] [Fast Refresh] done in 25ms @ http://localhost:3001/_next/static/chunks/00r__next_dist_060crp8._.js:2489
[  102317ms] [INFO] %cDownload the React DevTools for a better development experience: https://react.dev/link/react-devtools font-weight:bold @ http://localhost:3001/_next/static/chunks/00r__next_dist_060crp8._.js:2489
[  102330ms] [LOG] [HMR] connected @ http://localhost:3001/_next/static/chunks/00r__next_dist_060crp8._.js:2489
[  103398ms] [WARNING] THREE.Clock: This module has been deprecated. Please use THREE.Timer instead. @ http://localhost:3001/_next/static/chunks/00r__next_dist_060crp8._.js:2489
[  103424ms] [WARNING] THREE.Clock: This module has been deprecated. Please use THREE.Timer instead. @ http://localhost:3001/_next/static/chunks/00r__next_dist_060crp8._.js:2489
[  109689ms] [LOG] [Fast Refresh] rebuilding @ http://localhost:3001/_next/static/chunks/00r__next_dist_060crp8._.js:2489
[  109728ms] [LOG] [Fast Refresh] done in 67ms @ http://localhost:3001/_next/static/chunks/00r__next_dist_060crp8._.js:2489
