[     194ms] [INFO] %cDownload the React DevTools for a better development experience: https://react.dev/link/react-devtools font-weight:bold @ http://localhost:3001/_next/static/chunks/00r__next_dist_060crp8._.js:2489
[     211ms] [LOG] [HMR] connected @ http://localhost:3001/_next/static/chunks/00r__next_dist_060crp8._.js:2489
[    1264ms] [WARNING] THREE.Clock: This module has been deprecated. Please use THREE.Timer instead. @ http://localhost:3001/_next/static/chunks/00r__next_dist_060crp8._.js:2489
[    1282ms] [WARNING] THREE.Clock: This module has been deprecated. Please use THREE.Timer instead. @ http://localhost:3001/_next/static/chunks/00r__next_dist_060crp8._.js:2489
[   64185ms] [LOG] [Fast Refresh] rebuilding @ http://localhost:3001/_next/static/chunks/00r__next_dist_060crp8._.js:2489
[   64207ms] [LOG] [Fast Refresh] done in 56ms @ http://localhost:3001/_next/static/chunks/00r__next_dist_060crp8._.js:2489
[   64511ms] ReferenceError: environmentIntensity is not defined
    at ChromeCanvas (http://localhost:3001/_next/static/chunks/src_components_chrome_09xci7i._.js?id=%255Bproject%255D%252Fsrc%252Fcomponents%252Fchrome%252FChromeCanvas.tsx+%255Bapp-client%255D+%2528ecmascript%2529:324:36)
    at Object.react_stack_bottom_frame (http://localhost:3001/_next/static/chunks/00r__next_dist_compiled_react-dom_0wg5f1j._.js:15037:24)
    at renderWithHooks (http://localhost:3001/_next/static/chunks/00r__next_dist_compiled_react-dom_0wg5f1j._.js:4620:24)
    at updateFunctionComponent (http://localhost:3001/_next/static/chunks/00r__next_dist_compiled_react-dom_0wg5f1j._.js:6081:21)
    at beginWork (http://localhost:3001/_next/static/chunks/00r__next_dist_compiled_react-dom_0wg5f1j._.js:6665:639)
    at runWithFiberInDEV (http://localhost:3001/_next/static/chunks/00r__next_dist_compiled_react-dom_0wg5f1j._.js:965:74)
    at performUnitOfWork (http://localhost:3001/_next/static/chunks/00r__next_dist_compiled_react-dom_0wg5f1j._.js:9555:97)
    at workLoopSync (http://localhost:3001/_next/static/chunks/00r__next_dist_compiled_react-dom_0wg5f1j._.js:9449:40)
    at renderRootSync (http://localhost:3001/_next/static/chunks/00r__next_dist_compiled_react-dom_0wg5f1j._.js:9433:13)
    at performWorkOnRoot (http://localhost:3001/_next/static/chunks/00r__next_dist_compiled_react-dom_0wg5f1j._.js:9098:47)
    at performWorkOnRootViaSchedulerTask (http://localhost:3001/_next/static/chunks/00r__next_dist_compiled_react-dom_0wg5f1j._.js:10255:9)
    at MessagePort.performWorkUntilDeadline (http://localhost:3001/_next/static/chunks/00r__next_dist_compiled_0zi4hmx._.js:2647:64)
[   65023ms] [LOG] THREE.WebGLRenderer: Context Lost. @ http://localhost:3001/_next/static/chunks/00r__next_dist_060crp8._.js:2489
[   65029ms] [LOG] THREE.WebGLRenderer: Context Lost. @ http://localhost:3001/_next/static/chunks/00r__next_dist_060crp8._.js:2489
[   74863ms] [LOG] [Fast Refresh] rebuilding @ http://localhost:3001/_next/static/chunks/00r__next_dist_060crp8._.js:2489
[   74864ms] [WARNING] [Fast Refresh] performing full reload because your application had an unrecoverable error @ http://localhost:3001/_next/static/chunks/00r__next_dist_060crp8._.js:2489
[   75136ms] [LOG] [Fast Refresh] done in 25ms @ http://localhost:3001/_next/static/chunks/00r__next_dist_060crp8._.js:2489
[   75516ms] [INFO] %cDownload the React DevTools for a better development experience: https://react.dev/link/react-devtools font-weight:bold @ http://localhost:3001/_next/static/chunks/00r__next_dist_060crp8._.js:2489
[   75542ms] [LOG] [HMR] connected @ http://localhost:3001/_next/static/chunks/00r__next_dist_060crp8._.js:2489
[   76564ms] [WARNING] THREE.Clock: This module has been deprecated. Please use THREE.Timer instead. @ http://localhost:3001/_next/static/chunks/00r__next_dist_060crp8._.js:2489
[   76580ms] [WARNING] THREE.Clock: This module has been deprecated. Please use THREE.Timer instead. @ http://localhost:3001/_next/static/chunks/00r__next_dist_060crp8._.js:2489
[   84085ms] [LOG] [Fast Refresh] rebuilding @ http://localhost:3001/_next/static/chunks/00r__next_dist_060crp8._.js:2489
[   84114ms] [LOG] [Fast Refresh] done in 27ms @ http://localhost:3001/_next/static/chunks/00r__next_dist_060crp8._.js:2489
[   84903ms] [LOG] THREE.WebGLRenderer: Context Lost. @ http://localhost:3001/_next/static/chunks/00r__next_dist_060crp8._.js:2489
[   84905ms] [LOG] THREE.WebGLRenderer: Context Lost. @ http://localhost:3001/_next/static/chunks/00r__next_dist_060crp8._.js:2489
[  110027ms] [LOG] [Fast Refresh] rebuilding @ http://localhost:3001/_next/static/chunks/00r__next_dist_060crp8._.js:2489
[  110091ms] [LOG] [Fast Refresh] done in 25ms @ http://localhost:3001/_next/static/chunks/00r__next_dist_060crp8._.js:2489
[  115815ms] [LOG] [Fast Refresh] rebuilding @ http://localhost:3001/_next/static/chunks/00r__next_dist_060crp8._.js:2489
[  115875ms] [LOG] [Fast Refresh] done in 26ms @ http://localhost:3001/_next/static/chunks/00r__next_dist_060crp8._.js:2489
