[     146ms] [INFO] %cDownload the React DevTools for a better development experience: https://react.dev/link/react-devtools font-weight:bold @ http://localhost:3001/_next/static/chunks/00r__next_dist_060crp8._.js:2489
[     166ms] [LOG] [HMR] connected @ http://localhost:3001/_next/static/chunks/00r__next_dist_060crp8._.js:2489
[    1224ms] [WARNING] THREE.Clock: This module has been deprecated. Please use THREE.Timer instead. @ http://localhost:3001/_next/static/chunks/00r__next_dist_060crp8._.js:2489
[    1248ms] [WARNING] THREE.Clock: This module has been deprecated. Please use THREE.Timer instead. @ http://localhost:3001/_next/static/chunks/00r__next_dist_060crp8._.js:2489
[  295254ms] [LOG] [Fast Refresh] rebuilding @ http://localhost:3001/_next/static/chunks/00r__next_dist_060crp8._.js:2489
[  295266ms] [LOG] [Fast Refresh] done in 93ms @ http://localhost:3001/_next/static/chunks/00r__next_dist_060crp8._.js:2489
[  295888ms] [WARNING] THREE.Clock: This module has been deprecated. Please use THREE.Timer instead. @ http://localhost:3001/_next/static/chunks/00r__next_dist_060crp8._.js:2489
[  295911ms] [WARNING] THREE.Clock: This module has been deprecated. Please use THREE.Timer instead. @ http://localhost:3001/_next/static/chunks/00r__next_dist_060crp8._.js:2489
[  296079ms] [LOG] THREE.WebGLRenderer: Context Lost. @ http://localhost:3001/_next/static/chunks/00r__next_dist_060crp8._.js:2489
[  296079ms] [LOG] THREE.WebGLRenderer: Context Lost. @ http://localhost:3001/_next/static/chunks/00r__next_dist_060crp8._.js:2489
[  302623ms] [LOG] [Fast Refresh] rebuilding @ http://localhost:3001/_next/static/chunks/00r__next_dist_060crp8._.js:2489
[  302647ms] [LOG] [Fast Refresh] done in 27ms @ http://localhost:3001/_next/static/chunks/00r__next_dist_060crp8._.js:2489
[  303453ms] [LOG] THREE.WebGLRenderer: Context Lost. @ http://localhost:3001/_next/static/chunks/00r__next_dist_060crp8._.js:2489
[  303453ms] [LOG] THREE.WebGLRenderer: Context Lost. @ http://localhost:3001/_next/static/chunks/00r__next_dist_060crp8._.js:2489
[  303938ms] [WARNING] THREE.Clock: This module has been deprecated. Please use THREE.Timer instead. @ http://localhost:3001/_next/static/chunks/00r__next_dist_060crp8._.js:2489
[  303954ms] [WARNING] THREE.Clock: This module has been deprecated. Please use THREE.Timer instead. @ http://localhost:3001/_next/static/chunks/00r__next_dist_060crp8._.js:2489
[  308894ms] [LOG] [Fast Refresh] rebuilding @ http://localhost:3001/_next/static/chunks/00r__next_dist_060crp8._.js:2489
[  308921ms] [LOG] [Fast Refresh] done in 39ms @ http://localhost:3001/_next/static/chunks/00r__next_dist_060crp8._.js:2489
[  309628ms] [LOG] THREE.WebGLRenderer: Context Lost. @ http://localhost:3001/_next/static/chunks/00r__next_dist_060crp8._.js:2489
[  309628ms] [LOG] THREE.WebGLRenderer: Context Lost. @ http://localhost:3001/_next/static/chunks/00r__next_dist_060crp8._.js:2489
[  309991ms] [WARNING] THREE.Clock: This module has been deprecated. Please use THREE.Timer instead. @ http://localhost:3001/_next/static/chunks/00r__next_dist_060crp8._.js:2489
[  310004ms] [WARNING] THREE.Clock: This module has been deprecated. Please use THREE.Timer instead. @ http://localhost:3001/_next/static/chunks/00r__next_dist_060crp8._.js:2489
[  321253ms] [LOG] [Fast Refresh] rebuilding @ http://localhost:3001/_next/static/chunks/00r__next_dist_060crp8._.js:2489
[  321280ms] [LOG] [Fast Refresh] done in 32ms @ http://localhost:3001/_next/static/chunks/00r__next_dist_060crp8._.js:2489
[  322075ms] [LOG] THREE.WebGLRenderer: Context Lost. @ http://localhost:3001/_next/static/chunks/00r__next_dist_060crp8._.js:2489
[  322075ms] [LOG] THREE.WebGLRenderer: Context Lost. @ http://localhost:3001/_next/static/chunks/00r__next_dist_060crp8._.js:2489
[  329249ms] [LOG] [Fast Refresh] rebuilding @ http://localhost:3001/_next/static/chunks/00r__next_dist_060crp8._.js:2489
[  329308ms] [LOG] [Fast Refresh] done in 27ms @ http://localhost:3001/_next/static/chunks/00r__next_dist_060crp8._.js:2489
[  335344ms] [LOG] [Fast Refresh] rebuilding @ http://localhost:3001/_next/static/chunks/00r__next_dist_060crp8._.js:2489
[  335398ms] [LOG] [Fast Refresh] done in 24ms @ http://localhost:3001/_next/static/chunks/00r__next_dist_060crp8._.js:2489
[  342623ms] [LOG] [Fast Refresh] rebuilding @ http://localhost:3001/_next/static/chunks/00r__next_dist_060crp8._.js:2489
[  342678ms] [LOG] [Fast Refresh] done in 26ms @ http://localhost:3001/_next/static/chunks/00r__next_dist_060crp8._.js:2489
[  409189ms] [LOG] [Fast Refresh] rebuilding @ http://localhost:3001/_next/static/chunks/00r__next_dist_060crp8._.js:2489
[  409215ms] [LOG] [Fast Refresh] done in 28ms @ http://localhost:3001/_next/static/chunks/00r__next_dist_060crp8._.js:2489
[  410547ms] [WARNING] THREE.Clock: This module has been deprecated. Please use THREE.Timer instead. @ http://localhost:3001/_next/static/chunks/00r__next_dist_060crp8._.js:2489
[  410602ms] [WARNING] THREE.Clock: This module has been deprecated. Please use THREE.Timer instead. @ http://localhost:3001/_next/static/chunks/00r__next_dist_060crp8._.js:2489
[  417685ms] [LOG] [Fast Refresh] rebuilding @ http://localhost:3001/_next/static/chunks/00r__next_dist_060crp8._.js:2489
[  417737ms] [LOG] [Fast Refresh] done in 38ms @ http://localhost:3001/_next/static/chunks/00r__next_dist_060crp8._.js:2489
