[     174ms] [INFO] %cDownload the React DevTools for a better development experience: https://react.dev/link/react-devtools font-weight:bold @ http://localhost:3001/_next/static/chunks/00r__next_dist_060crp8._.js:2489
[     194ms] [LOG] [HMR] connected @ http://localhost:3001/_next/static/chunks/00r__next_dist_060crp8._.js:2489
[    1248ms] [WARNING] THREE.Clock: This module has been deprecated. Please use THREE.Timer instead. @ http://localhost:3001/_next/static/chunks/00r__next_dist_060crp8._.js:2489
[    1271ms] [WARNING] THREE.Clock: This module has been deprecated. Please use THREE.Timer instead. @ http://localhost:3001/_next/static/chunks/00r__next_dist_060crp8._.js:2489
[  665086ms] [LOG] [Fast Refresh] rebuilding @ http://localhost:3001/_next/static/chunks/00r__next_dist_060crp8._.js:2489
[  665113ms] [LOG] [Fast Refresh] done in 88ms @ http://localhost:3001/_next/static/chunks/00r__next_dist_060crp8._.js:2489
[  665907ms] [WARNING] THREE.Clock: This module has been deprecated. Please use THREE.Timer instead. @ http://localhost:3001/_next/static/chunks/00r__next_dist_060crp8._.js:2489
[  665938ms] [WARNING] THREE.Clock: This module has been deprecated. Please use THREE.Timer instead. @ http://localhost:3001/_next/static/chunks/00r__next_dist_060crp8._.js:2489
[  666107ms] [LOG] THREE.WebGLRenderer: Context Lost. @ http://localhost:3001/_next/static/chunks/00r__next_dist_060crp8._.js:2489
[  666107ms] [LOG] THREE.WebGLRenderer: Context Lost. @ http://localhost:3001/_next/static/chunks/00r__next_dist_060crp8._.js:2489
[  675264ms] [LOG] [Fast Refresh] rebuilding @ http://localhost:3001/_next/static/chunks/00r__next_dist_060crp8._.js:2489
[  675290ms] [LOG] [Fast Refresh] done in 29ms @ http://localhost:3001/_next/static/chunks/00r__next_dist_060crp8._.js:2489
[  675575ms] ReferenceError: ChromeLights is not defined
    at ChromeCanvas (http://localhost:3001/_next/static/chunks/src_components_chrome_09xci7i._.js?id=%255Bproject%255D%252Fsrc%252Fcomponents%252Fchrome%252FChromeCanvas.tsx+%255Bapp-client%255D+%2528ecmascript%2529:275:397)
    at Object.react_stack_bottom_frame (http://localhost:3001/_next/static/chunks/00r__next_dist_compiled_react-dom_0wg5f1j._.js:15037:24)
    at renderWithHooks (http://localhost:3001/_next/static/chunks/00r__next_dist_compiled_react-dom_0wg5f1j._.js:4620:24)
    at updateFunctionComponent (http://localhost:3001/_next/static/chunks/00r__next_dist_compiled_react-dom_0wg5f1j._.js:6081:21)
    at beginWork (http://localhost:3001/_next/static/chunks/00r__next_dist_compiled_react-dom_0wg5f1j._.js:6665:639)
    at runWithFiberInDEV (http://localhost:3001/_next/static/chunks/00r__next_dist_compiled_react-dom_0wg5f1j._.js:965:74)
    at performUnitOfWork (http://localhost:3001/_next/static/chunks/00r__next_dist_compiled_react-dom_0wg5f1j._.js:9555:97)
    at workLoopSync (http://localhost:3001/_next/static/chunks/00r__next_dist_compiled_react-dom_0wg5f1j._.js:9449:40)
    at renderRootSync (http://localhost:3001/_next/static/chunks/00r__next_dist_compiled_react-dom_0wg5f1j._.js:9433:13)
    at performWorkOnRoot (http://localhost:3001/_next/static/chunks/00r__next_dist_compiled_react-dom_0wg5f1j._.js:9098:47)
    at performWorkOnRootViaSchedulerTask (http://localhost:3001/_next/static/chunks/00r__next_dist_compiled_react-dom_0wg5f1j._.js:10255:9)
    at MessagePort.performWorkUntilDeadline (http://localhost:3001/_next/static/chunks/00r__next_dist_compiled_0zi4hmx._.js:2647:64)
[  676101ms] [LOG] THREE.WebGLRenderer: Context Lost. @ http://localhost:3001/_next/static/chunks/00r__next_dist_060crp8._.js:2489
[  676117ms] [LOG] THREE.WebGLRenderer: Context Lost. @ http://localhost:3001/_next/static/chunks/00r__next_dist_060crp8._.js:2489
[  682666ms] [LOG] [Fast Refresh] rebuilding @ http://localhost:3001/_next/static/chunks/00r__next_dist_060crp8._.js:2489
[  682667ms] [WARNING] [Fast Refresh] performing full reload because your application had an unrecoverable error @ http://localhost:3001/_next/static/chunks/00r__next_dist_060crp8._.js:2489
[  682873ms] [LOG] [Fast Refresh] done in 21ms @ http://localhost:3001/_next/static/chunks/00r__next_dist_060crp8._.js:2489
[  683262ms] [INFO] %cDownload the React DevTools for a better development experience: https://react.dev/link/react-devtools font-weight:bold @ http://localhost:3001/_next/static/chunks/00r__next_dist_060crp8._.js:2489
[  683301ms] [LOG] [HMR] connected @ http://localhost:3001/_next/static/chunks/00r__next_dist_060crp8._.js:2489
[  684266ms] [WARNING] THREE.Clock: This module has been deprecated. Please use THREE.Timer instead. @ http://localhost:3001/_next/static/chunks/00r__next_dist_060crp8._.js:2489
[  684332ms] [WARNING] THREE.Clock: This module has been deprecated. Please use THREE.Timer instead. @ http://localhost:3001/_next/static/chunks/00r__next_dist_060crp8._.js:2489
[  694982ms] [LOG] [Fast Refresh] rebuilding @ http://localhost:3001/_next/static/chunks/00r__next_dist_060crp8._.js:2489
[  695038ms] [LOG] [Fast Refresh] done in 36ms @ http://localhost:3001/_next/static/chunks/00r__next_dist_060crp8._.js:2489
